14:37:43 **** Auto Build of configuration Debug for project Zybo-Z7_20_DEMO ****
make pre-build main-build 
a9-linaro-pre-build-step
' '
'Building file: ../src/video_demo.c'
'Invoking: ARM v7 gcc compiler'
arm-none-eabi-gcc -Wall -O0 -g3 -c -fmessage-length=0 -MT"src/video_demo.o" -mcpu=cortex-a9 -mfpu=vfpv3 -mfloat-abi=hard -I../../Zybo-Z7_20_DEMO_bsp/ps7_cortexa9_0/include -MMD -MP -MF"src/video_demo.d" -MT"src/video_demo.o" -o "src/video_demo.o" "../src/video_demo.c"
'Finished building: ../src/video_demo.c'
' '
'Building target: Zybo-Z7_20_DEMO.elf'
'Invoking: ARM v7 gcc linker'
arm-none-eabi-gcc -mcpu=cortex-a9 -mfpu=vfpv3 -mfloat-abi=hard -Wl,-build-id=none -specs=Xilinx.spec -Wl,-T -Wl,../src/lscript.ld -L../../Zybo-Z7_20_DEMO_bsp/ps7_cortexa9_0/lib -o "Zybo-Z7_20_DEMO.elf"  ./src/video_capture/video_capture.o  ./src/timer_ps/timer_ps.o  ./src/intc/intc.o  ./src/hls_saturation_enhance_v1_0/src/xhls_saturation_enhance.o ./src/hls_saturation_enhance_v1_0/src/xhls_saturation_enhance_linux.o ./src/hls_saturation_enhance_v1_0/src/xhls_saturation_enhance_sinit.o  ./src/hls_gamma_correction_v1_0/src/xhls_gamma_correction.o ./src/hls_gamma_correction_v1_0/src/xhls_gamma_correction_linux.o ./src/hls_gamma_correction_v1_0/src/xhls_gamma_correction_sinit.o  ./src/hls_contrast_stretch_v1_0/src/xhls_contrast_stretch.o ./src/hls_contrast_stretch_v1_0/src/xhls_contrast_stretch_linux.o ./src/hls_contrast_stretch_v1_0/src/xhls_contrast_stretch_sinit.o  ./src/dynclk/dynclk.o  ./src/display_ctrl/display_ctrl.o  ./src/video_demo.o   -Wl,--start-group,-lxil,-lgcc,-lc,--end-group
'Finished building target: Zybo-Z7_20_DEMO.elf'
' '
'Invoking: ARM v7 Print Size'
arm-none-eabi-size Zybo-Z7_20_DEMO.elf  |tee "Zybo-Z7_20_DEMO.elf.size"
   text	   data	    bss	    dec	    hex	filename
 133448	   4344	18689024	18826816	11f4640	Zybo-Z7_20_DEMO.elf
'Finished building: Zybo-Z7_20_DEMO.elf.size'
' '

14:37:44 Build Finished (took 1s.709ms)

